// Jest Snapshot v1, https://goo.gl/fbAQLP

exports[`<Game /> should render 1`] = `"<div class=\\"ui segment\\"><button class=\\"ui fluid button\\" role=\\"button\\">Start</button><div class=\\"ui items\\"><div class=\\"item styles__player-38Wf0\\"><div class=\\"content\\"><div class=\\"header\\">Agustin</div></div></div><div class=\\"item styles__player-38Wf0\\"><div class=\\"content\\"><div class=\\"header\\">Scott</div></div></div></div></div>"`;
