// Jest Snapshot v1, https://goo.gl/fbAQLP

exports[`<Play /> should match snapshot with a tournament 1`] = `
<Container>
  <SegmentGroup>
    <Segment
      clearing={true}
    >
      <Header
        content="Tournament Name Here"
        icon="soccer"
        size="medium"
      />
    </Segment>
    <Game
      away={
        Object {
          "player": Object {
            "id": "12",
            "name": "Scott",
          },
          "team": null,
          "team_url": null,
        }
      }
      home={
        Object {
          "player": Object {
            "id": "21",
            "name": "Agustin",
          },
          "team": null,
          "team_url": null,
        }
      }
      id="1"
      key="1"
      status="created"
    />
    <Game
      away={
        Object {
          "player": Object {
            "id": "21",
            "name": "Agustin",
          },
          "team": "The Manure",
          "team_url": "http://upload.wikimedia.org/wikipedia/de/d/da/Manchester_United_FC.svg",
        }
      }
      home={
        Object {
          "player": Object {
            "id": "12",
            "name": "Scott",
          },
          "team": "Tottenham Hotspur",
          "team_url": "http://upload.wikimedia.org/wikipedia/de/b/b4/Tottenham_Hotspur.svg",
        }
      }
      id="2"
      key="2"
      status="started"
    />
    <Game
      away={
        Object {
          "corners": 2,
          "fouls": 1,
          "injuries": 1,
          "offsides": 0,
          "pass accuracy %": 84,
          "player": Object {
            "id": "21",
            "name": "Agustin",
          },
          "possession %": 63,
          "red cards": 0,
          "score": 4,
          "shot accuracy %": 58,
          "shots": 12,
          "shots on target": 7,
          "tackles": 2,
          "team": "The Manure",
          "team_url": "http://upload.wikimedia.org/wikipedia/de/d/da/Manchester_United_FC.svg",
          "yellow cards": 0,
        }
      }
      home={
        Object {
          "corners": 0,
          "fouls": 7,
          "injuries": 0,
          "offsides": 0,
          "pass accuracy %": 77,
          "player": Object {
            "id": "12",
            "name": "Scott",
          },
          "possession %": 37,
          "red cards": 0,
          "score": 0,
          "shot accuracy %": 14,
          "shots": 7,
          "shots on target": 1,
          "tackles": 7,
          "team": "Tottenham Hotspur",
          "team_url": "http://upload.wikimedia.org/wikipedia/de/b/b4/Tottenham_Hotspur.svg",
          "yellow cards": 1,
        }
      }
      id="3"
      key="3"
      status="finished"
    />
  </SegmentGroup>
</Container>
`;

exports[`<Play /> should match snapshot without a tournament 1`] = `
<Container>
  <SegmentGroup>
    <Segment
      clearing={true}
    >
      <Header
        content="Tournament Name Here"
        icon="soccer"
        size="medium"
      />
    </Segment>
    <Message>
      <MessageHeader>
        No Competition Selected
      </MessageHeader>
      <p>
        Please select and existing or create a new Competition on the left.
      </p>
    </Message>
  </SegmentGroup>
</Container>
`;
