// Jest Snapshot v1, https://goo.gl/fbAQLP

exports[`Directions Component should match snapshot 1`] = `
<Segment
  basic={true}
  textAlign="center"
>
  <Header
    as="h2"
    color="teal"
  >
    <Icon
      as="i"
      name="share"
    />
    <HeaderContent>
      Directions
    </HeaderContent>
  </Header>
  <Message
    color="teal"
  >
    Please select Match Facts in the post-match menu. When there, please use the share feature to take a screenshot.
  </Message>
</Segment>
`;
