// Jest Snapshot v1, https://goo.gl/fbAQLP

exports[`ImageReader Component should match snapshot and show the progress tracker 1`] = `"<div class=\\"ui basic segment\\"><div class=\\"ui teal message\\"><div class=\\"header\\">Processing Image</div></div><div class=\\"ui basic segment\\"><div class=\\"ui teal progress\\" data-percent=\\"100\\"><div class=\\"bar\\" style=\\"width:100%\\"><div class=\\"progress\\">100%</div></div><div class=\\"label\\"><div class=\\"ui grey small header\\">Processing Score</div></div></div><div class=\\"ui teal progress\\" data-percent=\\"100\\"><div class=\\"bar\\" style=\\"width:100%\\"><div class=\\"progress\\">100%</div></div><div class=\\"label\\"><div class=\\"ui grey small header\\">Processing Stats</div></div></div></div></div>"`;

exports[`ImageReader Component should match the snapshot if there are no images passed to the component 1`] = `"<div class=\\"ui basic segment\\"><div class=\\"ui teal message\\"><div class=\\"header\\">Processing Image</div></div><div class=\\"ui red message\\"><div class=\\"content\\"><div class=\\"header\\">Oops!</div><p>Welp, something went wrong. Tell Scott to fix his crap.</p></div></div></div>"`;
