// Jest Snapshot v1, https://goo.gl/fbAQLP

exports[`Verify should match the snapshot 1`] = `
<Segment
  basic={true}
>
  <Header
    color="teal"
  >
    Verify
  </Header>
  <p>
    Please verify that the results match the image below.
  </p>
  <Table
    as="table"
    compact={true}
    inverted={true}
    unstackable={true}
  >
    <TableHeader
      as="thead"
    >
      <TableRow
        as="tr"
        cellAs="td"
      >
        <TableHeaderCell
          as="th"
          textAlign="left"
        >
          Home
        </TableHeaderCell>
        <TableHeaderCell
          as="th"
          textAlign="center"
        >
          Stat
        </TableHeaderCell>
        <TableHeaderCell
          as="th"
          textAlign="right"
        >
          Away
        </TableHeaderCell>
      </TableRow>
    </TableHeader>
    <TableBody
      as="tbody"
    >
      <TableRow
        as="tr"
        cellAs="td"
        key="score"
      >
        <TableCell
          as="td"
          textAlign="left"
        >
          0
        </TableCell>
        <TableCell
          as="td"
          textAlign="center"
        >
          score
        </TableCell>
        <TableCell
          as="td"
          textAlign="right"
        >
          4
        </TableCell>
      </TableRow>
      <TableRow
        as="tr"
        cellAs="td"
        key="shots"
      >
        <TableCell
          as="td"
          textAlign="left"
        >
          7
        </TableCell>
        <TableCell
          as="td"
          textAlign="center"
        >
          shots
        </TableCell>
        <TableCell
          as="td"
          textAlign="right"
        >
          12
        </TableCell>
      </TableRow>
      <TableRow
        as="tr"
        cellAs="td"
        key="shots on target"
      >
        <TableCell
          as="td"
          textAlign="left"
        >
          1
        </TableCell>
        <TableCell
          as="td"
          textAlign="center"
        >
          shots on target
        </TableCell>
        <TableCell
          as="td"
          textAlign="right"
        >
          7
        </TableCell>
      </TableRow>
      <TableRow
        as="tr"
        cellAs="td"
        key="possession %"
      >
        <TableCell
          as="td"
          textAlign="left"
        >
          37
        </TableCell>
        <TableCell
          as="td"
          textAlign="center"
        >
          possession %
        </TableCell>
        <TableCell
          as="td"
          textAlign="right"
        >
          63
        </TableCell>
      </TableRow>
      <TableRow
        as="tr"
        cellAs="td"
        key="tackles"
      >
        <TableCell
          as="td"
          textAlign="left"
        >
          7
        </TableCell>
        <TableCell
          as="td"
          textAlign="center"
        >
          tackles
        </TableCell>
        <TableCell
          as="td"
          textAlign="right"
        >
          2
        </TableCell>
      </TableRow>
      <TableRow
        as="tr"
        cellAs="td"
        key="fouls"
      >
        <TableCell
          as="td"
          textAlign="left"
        >
          7
        </TableCell>
        <TableCell
          as="td"
          textAlign="center"
        >
          fouls
        </TableCell>
        <TableCell
          as="td"
          textAlign="right"
        >
          1
        </TableCell>
      </TableRow>
      <TableRow
        as="tr"
        cellAs="td"
        key="yellow cards"
      >
        <TableCell
          as="td"
          textAlign="left"
        >
          1
        </TableCell>
        <TableCell
          as="td"
          textAlign="center"
        >
          yellow cards
        </TableCell>
        <TableCell
          as="td"
          textAlign="right"
        >
          0
        </TableCell>
      </TableRow>
      <TableRow
        as="tr"
        cellAs="td"
        key="red cards"
      >
        <TableCell
          as="td"
          textAlign="left"
        >
          0
        </TableCell>
        <TableCell
          as="td"
          textAlign="center"
        >
          red cards
        </TableCell>
        <TableCell
          as="td"
          textAlign="right"
        >
          0
        </TableCell>
      </TableRow>
      <TableRow
        as="tr"
        cellAs="td"
        key="injuries"
      >
        <TableCell
          as="td"
          textAlign="left"
        >
          0
        </TableCell>
        <TableCell
          as="td"
          textAlign="center"
        >
          injuries
        </TableCell>
        <TableCell
          as="td"
          textAlign="right"
        >
          1
        </TableCell>
      </TableRow>
      <TableRow
        as="tr"
        cellAs="td"
        key="offsides"
      >
        <TableCell
          as="td"
          textAlign="left"
        >
          0
        </TableCell>
        <TableCell
          as="td"
          textAlign="center"
        >
          offsides
        </TableCell>
        <TableCell
          as="td"
          textAlign="right"
        >
          0
        </TableCell>
      </TableRow>
      <TableRow
        as="tr"
        cellAs="td"
        key="corners"
      >
        <TableCell
          as="td"
          textAlign="left"
        >
          0
        </TableCell>
        <TableCell
          as="td"
          textAlign="center"
        >
          corners
        </TableCell>
        <TableCell
          as="td"
          textAlign="right"
        >
          2
        </TableCell>
      </TableRow>
      <TableRow
        as="tr"
        cellAs="td"
        key="shot accuracy %"
      >
        <TableCell
          as="td"
          textAlign="left"
        >
          14
        </TableCell>
        <TableCell
          as="td"
          textAlign="center"
        >
          shot accuracy %
        </TableCell>
        <TableCell
          as="td"
          textAlign="right"
        >
          58
        </TableCell>
      </TableRow>
      <TableRow
        as="tr"
        cellAs="td"
        key="pass accuracy %"
      >
        <TableCell
          as="td"
          textAlign="left"
        >
          77
        </TableCell>
        <TableCell
          as="td"
          textAlign="center"
        >
          pass accuracy %
        </TableCell>
        <TableCell
          as="td"
          textAlign="right"
        >
          84
        </TableCell>
      </TableRow>
    </TableBody>
  </Table>
</Segment>
`;
